Archive member included to satisfy reference by file (symbol)

/opt/gcc-arm-none-eabi-9-2020-q2-update/bin/../lib/gcc/arm-none-eabi/9.3.1/libgcc.a(_udivsi3.o)
                              build/stdio.o (__aeabi_uidiv)
/opt/gcc-arm-none-eabi-9-2020-q2-update/bin/../lib/gcc/arm-none-eabi/9.3.1/libgcc.a(_dvmd_tls.o)
                              /opt/gcc-arm-none-eabi-9-2020-q2-update/bin/../lib/gcc/arm-none-eabi/9.3.1/libgcc.a(_udivsi3.o) (__aeabi_idiv0)

Memory Configuration

Name             Origin             Length             Attributes
*default*        0x0000000000000000 0xffffffffffffffff

Linker script and memory map

LOAD build/Entry.os
LOAD build/Main.o
LOAD build/Regs.o
LOAD build/Uart.o
LOAD build/stdio.o
LOAD /opt/gcc-arm-none-eabi-9-2020-q2-update/bin/../lib/gcc/arm-none-eabi/9.3.1/libgcc.a
                0x0000000000000000                . = 0x0

.text           0x0000000000000000      0x9ac
 *(vector_start)
 *(.text .rodata)
 .text          0x0000000000000000       0xd4 build/Entry.os
                0x0000000000000000                vector_start
                0x000000000000003c                vector_end
 .text          0x00000000000000d4      0x170 build/Main.o
                0x00000000000000d4                main
 .rodata        0x0000000000000244       0xa5 build/Main.o
 .text          0x00000000000002e9        0x0 build/Regs.o
 *fill*         0x00000000000002e9        0x3 
 .text          0x00000000000002ec      0x15c build/Uart.o
                0x00000000000002ec                Hal_uart_init
                0x0000000000000364                Hal_uart_put_char
                0x00000000000003c0                Hal_uart_get_char
 .text          0x0000000000000448      0x444 build/stdio.o
                0x0000000000000448                putstr
                0x00000000000004a8                debug_printf
                0x00000000000004f8                vsprintf
                0x0000000000000778                utoa
 .rodata        0x000000000000088c        0x7 build/stdio.o
 *fill*         0x0000000000000893        0x1 
 .text          0x0000000000000894      0x114 /opt/gcc-arm-none-eabi-9-2020-q2-update/bin/../lib/gcc/arm-none-eabi/9.3.1/libgcc.a(_udivsi3.o)
                0x0000000000000894                __udivsi3
                0x0000000000000894                __aeabi_uidiv
                0x0000000000000988                __aeabi_uidivmod
 .text          0x00000000000009a8        0x4 /opt/gcc-arm-none-eabi-9-2020-q2-update/bin/../lib/gcc/arm-none-eabi/9.3.1/libgcc.a(_dvmd_tls.o)
                0x00000000000009a8                __aeabi_ldiv0
                0x00000000000009a8                __aeabi_idiv0

.glue_7         0x00000000000009ac        0x0
 .glue_7        0x00000000000009ac        0x0 linker stubs

.glue_7t        0x00000000000009ac        0x0
 .glue_7t       0x00000000000009ac        0x0 linker stubs

.vfp11_veneer   0x00000000000009ac        0x0
 .vfp11_veneer  0x00000000000009ac        0x0 linker stubs

.v4_bx          0x00000000000009ac        0x0
 .v4_bx         0x00000000000009ac        0x0 linker stubs

.iplt           0x00000000000009ac        0x0
 .iplt          0x00000000000009ac        0x0 build/Entry.os

.rel.dyn        0x00000000000009ac        0x0
 .rel.iplt      0x00000000000009ac        0x0 build/Entry.os

.data           0x00000000000009ac        0x4
 *(.data)
 .data          0x00000000000009ac        0x0 build/Entry.os
 .data          0x00000000000009ac        0x0 build/Main.o
 .data          0x00000000000009ac        0x4 build/Regs.o
                0x00000000000009ac                Uart
 .data          0x00000000000009b0        0x0 build/Uart.o
 .data          0x00000000000009b0        0x0 build/stdio.o
 .data          0x00000000000009b0        0x0 /opt/gcc-arm-none-eabi-9-2020-q2-update/bin/../lib/gcc/arm-none-eabi/9.3.1/libgcc.a(_udivsi3.o)
 .data          0x00000000000009b0        0x0 /opt/gcc-arm-none-eabi-9-2020-q2-update/bin/../lib/gcc/arm-none-eabi/9.3.1/libgcc.a(_dvmd_tls.o)

.igot.plt       0x00000000000009b0        0x0
 .igot.plt      0x00000000000009b0        0x0 build/Entry.os

.bss            0x00000000000009b0      0x400
 *(.bss)
 .bss           0x00000000000009b0        0x0 build/Entry.os
 .bss           0x00000000000009b0        0x0 build/Main.o
 .bss           0x00000000000009b0        0x0 build/Regs.o
 .bss           0x00000000000009b0        0x0 build/Uart.o
 .bss           0x00000000000009b0      0x400 build/stdio.o
 .bss           0x0000000000000db0        0x0 /opt/gcc-arm-none-eabi-9-2020-q2-update/bin/../lib/gcc/arm-none-eabi/9.3.1/libgcc.a(_udivsi3.o)
 .bss           0x0000000000000db0        0x0 /opt/gcc-arm-none-eabi-9-2020-q2-update/bin/../lib/gcc/arm-none-eabi/9.3.1/libgcc.a(_dvmd_tls.o)
OUTPUT(build/navilos.axf elf32-littlearm)
LOAD linker stubs

.ARM.attributes
                0x0000000000000000       0x2b
 .ARM.attributes
                0x0000000000000000       0x1d build/Entry.os
 .ARM.attributes
                0x000000000000001d       0x2f build/Main.o
 .ARM.attributes
                0x000000000000004c       0x2f build/Regs.o
 .ARM.attributes
                0x000000000000007b       0x2f build/Uart.o
 .ARM.attributes
                0x00000000000000aa       0x2f build/stdio.o
 .ARM.attributes
                0x00000000000000d9       0x1c /opt/gcc-arm-none-eabi-9-2020-q2-update/bin/../lib/gcc/arm-none-eabi/9.3.1/libgcc.a(_udivsi3.o)
 .ARM.attributes
                0x00000000000000f5       0x1c /opt/gcc-arm-none-eabi-9-2020-q2-update/bin/../lib/gcc/arm-none-eabi/9.3.1/libgcc.a(_dvmd_tls.o)

.comment        0x0000000000000000       0x4c
 .comment       0x0000000000000000       0x4c build/Main.o
                                         0x4d (size before relaxing)
 .comment       0x000000000000004c       0x4d build/Regs.o
 .comment       0x000000000000004c       0x4d build/Uart.o
 .comment       0x000000000000004c       0x4d build/stdio.o

.debug_line     0x0000000000000000      0x3a7
 .debug_line    0x0000000000000000       0x6d build/Entry.os
 .debug_line    0x000000000000006d       0xa0 build/Main.o
 .debug_line    0x000000000000010d       0x4e build/Regs.o
 .debug_line    0x000000000000015b       0xd3 build/Uart.o
 .debug_line    0x000000000000022e      0x179 build/stdio.o

.debug_info     0x0000000000000000     0x1ae4
 .debug_info    0x0000000000000000       0x26 build/Entry.os
 .debug_info    0x0000000000000026      0x132 build/Main.o
 .debug_info    0x0000000000000158      0xb38 build/Regs.o
 .debug_info    0x0000000000000c90      0xba7 build/Uart.o
 .debug_info    0x0000000000001837      0x2ad build/stdio.o

.debug_abbrev   0x0000000000000000      0x480
 .debug_abbrev  0x0000000000000000       0x14 build/Entry.os
 .debug_abbrev  0x0000000000000014       0xd1 build/Main.o
 .debug_abbrev  0x00000000000000e5       0xf8 build/Regs.o
 .debug_abbrev  0x00000000000001dd      0x172 build/Uart.o
 .debug_abbrev  0x000000000000034f      0x131 build/stdio.o

.debug_aranges  0x0000000000000000       0x98
 .debug_aranges
                0x0000000000000000       0x20 build/Entry.os
 .debug_aranges
                0x0000000000000020       0x20 build/Main.o
 .debug_aranges
                0x0000000000000040       0x18 build/Regs.o
 .debug_aranges
                0x0000000000000058       0x20 build/Uart.o
 .debug_aranges
                0x0000000000000078       0x20 build/stdio.o

.debug_str      0x0000000000000000      0x4fc
 .debug_str     0x0000000000000000       0x41 build/Entry.os
 .debug_str     0x0000000000000041      0x10c build/Main.o
                                        0x150 (size before relaxing)
 .debug_str     0x000000000000014d      0x302 build/Regs.o
                                        0x3fd (size before relaxing)
 .debug_str     0x000000000000044f       0x35 build/Uart.o
                                        0x43c (size before relaxing)
 .debug_str     0x0000000000000484       0x78 build/stdio.o
                                        0x188 (size before relaxing)

.debug_frame    0x0000000000000000      0x1a8
 .debug_frame   0x0000000000000000       0x6c build/Main.o
 .debug_frame   0x000000000000006c       0x70 build/Uart.o
 .debug_frame   0x00000000000000dc       0xac build/stdio.o
 .debug_frame   0x0000000000000188       0x20 /opt/gcc-arm-none-eabi-9-2020-q2-update/bin/../lib/gcc/arm-none-eabi/9.3.1/libgcc.a(_udivsi3.o)
